../Core/Src/main.c:46:24:now_ms	8	static
../Core/Src/main.c:109:13:uart_send_str	24	static
../Core/Src/main.c:115:13:pc_log	16	static
../Core/Src/main.c:119:13:pump_set	16	static
../Core/Src/main.c:127:13:pump_get	8	static
../Core/Src/main.c:136:13:tank_empty_raw	8	static
../Core/Src/main.c:141:17:adc_read_average	24	static
../Core/Src/main.c:154:16:humidity_percent_from_adc	32	static
../Core/Src/main.c:163:13:send_H	32	static
../Core/Src/main.c:169:13:send_F_empty	8	static
../Core/Src/main.c:170:13:send_F_full	8	static
../Core/Src/main.c:171:13:send_W_ok	8	static
../Core/Src/main.c:174:6:HAL_GPIO_EXTI_Callback	16	static
../Core/Src/main.c:183:6:HAL_UART_RxCpltCallback	16	static
../Core/Src/main.c:204:6:process_pc_command	88	static
../Core/Src/main.c:243:5:main	56	static
../Core/Src/main.c:372:6:SystemClock_Config	88	static
../Core/Src/main.c:419:13:MX_ADC1_Init	24	static
../Core/Src/main.c:461:13:MX_USART1_UART_Init	8	static
../Core/Src/main.c:489:13:MX_USART2_UART_Init	8	static
../Core/Src/main.c:517:13:MX_GPIO_Init	40	static
../Core/Src/main.c:577:6:Error_Handler	4	static,ignoring_inline_asm
