../Core/Src/main.c:42:24:now_ms	8	static
../Core/Src/main.c:94:13:uart_send_str	24	static
../Core/Src/main.c:100:13:pc_log	16	static
../Core/Src/main.c:104:13:pump_set	16	static
../Core/Src/main.c:112:13:pump_get	8	static
../Core/Src/main.c:121:13:tank_empty_raw	8	static
../Core/Src/main.c:126:17:adc_read_average	24	static
../Core/Src/main.c:139:16:humidity_percent_from_adc	32	static
../Core/Src/main.c:148:13:send_H	32	static
../Core/Src/main.c:154:13:send_F_empty	8	static
../Core/Src/main.c:155:13:send_F_full	8	static
../Core/Src/main.c:156:13:send_W_ok	8	static
../Core/Src/main.c:159:6:HAL_GPIO_EXTI_Callback	16	static
../Core/Src/main.c:173:5:main	24	static
../Core/Src/main.c:299:6:SystemClock_Config	88	static
../Core/Src/main.c:346:13:MX_ADC1_Init	24	static
../Core/Src/main.c:390:13:MX_USART1_UART_Init	8	static
../Core/Src/main.c:420:13:MX_USART2_UART_Init	8	static
../Core/Src/main.c:450:13:MX_GPIO_Init	40	static
../Core/Src/main.c:510:6:Error_Handler	4	static,ignoring_inline_asm
